21:05:34 **** Incremental Build of configuration Debug for project stm32f4xx_drivers ****
make -j16 all 
arm-none-eabi-gcc "../drivers/Src/stm32f411xx_spi_driver.c" -mcpu=cortex-m4 -std=gnu11 -g3 -DDEBUG -DSTM32 -DSTM32F4 -DSTM32F411RETx -c -I../Inc -I"D:/NAM4/FPT AUTOMOTIVE/Mastering_Microcontroller_With_Driver/PRACTICE/stm32f4xx_drivers/drivers/Inc" -O0 -ffunction-sections -fdata-sections -Wall -fstack-usage -fcyclomatic-complexity -MMD -MP -MF"drivers/Src/stm32f411xx_spi_driver.d" -MT"drivers/Src/stm32f411xx_spi_driver.o" --specs=nano.specs -mfloat-abi=soft -mthumb -o "drivers/Src/stm32f411xx_spi_driver.o"
arm-none-eabi-gcc "../Src/spi_testing.c" -mcpu=cortex-m4 -std=gnu11 -g3 -DDEBUG -DSTM32 -DSTM32F4 -DSTM32F411RETx -c -I../Inc -I"D:/NAM4/FPT AUTOMOTIVE/Mastering_Microcontroller_With_Driver/PRACTICE/stm32f4xx_drivers/drivers/Inc" -O0 -ffunction-sections -fdata-sections -Wall -fstack-usage -fcyclomatic-complexity -MMD -MP -MF"Src/spi_testing.d" -MT"Src/spi_testing.o" --specs=nano.specs -mfloat-abi=soft -mthumb -o "Src/spi_testing.o"
arm-none-eabi-gcc -o "stm32f4xx_drivers.elf" @"objects.list"   -mcpu=cortex-m4 -T"D:\NAM4\FPT AUTOMOTIVE\Mastering_Microcontroller_With_Driver\PRACTICE\stm32f4xx_drivers\STM32F411RETX_FLASH.ld" --specs=nosys.specs -Wl,-Map="stm32f4xx_drivers.map" -Wl,--gc-sections -static --specs=nano.specs -mfloat-abi=soft -mthumb -Wl,--start-group -lc -lm -Wl,--end-group
Finished building target: stm32f4xx_drivers.elf
 
arm-none-eabi-size  stm32f4xx_drivers.elf 
arm-none-eabi-objdump -h -S stm32f4xx_drivers.elf  > "stm32f4xx_drivers.list"
   text	   data	    bss	    dec	    hex	filename
   2680	      0	   1568	   4248	   1098	stm32f4xx_drivers.elf
Finished building: default.size.stdout
 
Finished building: stm32f4xx_drivers.list
 

21:05:35 Build Finished. 0 errors, 0 warnings. (took 951ms)

